
Linker Version 8.7.7.220718
Input Object File: c:\users\tech\desktop\gasdetector\output\ADC.OBJ
Input Object File: c:\users\tech\desktop\gasdetector\output\DISPLAY.OBJ
Input Object File: c:\users\tech\desktop\gasdetector\output\MAIN.OBJ
Input Object File: c:\users\tech\desktop\gasdetector\output\STARTUP1_L.OBJ

Input Library File: C:\Program Files\Holtek MCU Development Tools\HT-IDE3000V8.x\LIB\LIBHOLTEKGCC.LIB
Input Library File: C:\Program Files\Holtek MCU Development Tools\HT-IDE3000V8.x\LIB\v3_tabrd_mrsc.lib


     Bank    Start     End      Length     Class    AvgIns    Name
     00h     0000h     0000h    0001h      CODE               @code (c:\users\tech\desktop\gasdetector\output\MAIN.OBJ)
     00h     0001h     0021h    0021h      CODE               @start (c:\users\tech\desktop\gasdetector\output\MAIN.OBJ)
     00h     0022h     0026h    0005h      CODE               itodaz (C:\Program Files\Holtek MCU Development Tools\HT-IDE3000V8.x\LIB\LIBHOLTEKGCC.LIB)
     00h     0027h     0066h    0040h      CODE               _builtin_holtek_dtmul (C:\Program Files\Holtek MCU Development Tools\HT-IDE3000V8.x\LIB\LIBHOLTEKGCC.LIB)
     00h     0067h     009ah    0034h      CODE               @builtin_holtek_ftsubadd (C:\Program Files\Holtek MCU Development Tools\HT-IDE3000V8.x\LIB\LIBHOLTEKGCC.LIB)
     00h     009bh     00d8h    003eh      CODE               @builtin_holtek_dtsubadd (C:\Program Files\Holtek MCU Development Tools\HT-IDE3000V8.x\LIB\LIBHOLTEKGCC.LIB)
     00h     00d9h     0103h    002bh      CODE               _builtin_holtek_dtol (C:\Program Files\Holtek MCU Development Tools\HT-IDE3000V8.x\LIB\LIBHOLTEKGCC.LIB)
     00h     0104h     0137h    0034h      CODE               _builtin_holtek_dtnorm (C:\Program Files\Holtek MCU Development Tools\HT-IDE3000V8.x\LIB\LIBHOLTEKGCC.LIB)
     00h     0138h     014fh    0018h      CODE               @builtin_holtek_dtdecode (C:\Program Files\Holtek MCU Development Tools\HT-IDE3000V8.x\LIB\LIBHOLTEKGCC.LIB)
     00h     0150h     0165h    0016h      CODE               @builtin_holtek_ftdecode (C:\Program Files\Holtek MCU Development Tools\HT-IDE3000V8.x\LIB\LIBHOLTEKGCC.LIB)
     00h     0166h     0194h    002fh      CODE               _builtin_holtek_ftnorm (C:\Program Files\Holtek MCU Development Tools\HT-IDE3000V8.x\LIB\LIBHOLTEKGCC.LIB)
     00h     0195h     019bh    0007h      CODE               _builtin_holtek_dtinf (C:\Program Files\Holtek MCU Development Tools\HT-IDE3000V8.x\LIB\LIBHOLTEKGCC.LIB)
     00h     019ch     01a1h    0006h      CODE               _builtin_holtek_ftinf (C:\Program Files\Holtek MCU Development Tools\HT-IDE3000V8.x\LIB\LIBHOLTEKGCC.LIB)
     00h     01a2h     01a7h    0006h      CODE               _S_ADC_Init (c:\users\tech\desktop\gasdetector\output\ADC.OBJ)
     00h     01a8h     01fch    0055h      CODE               _S_READ_ADC (c:\users\tech\desktop\gasdetector\output\ADC.OBJ)
     00h     01fdh     025ah    005eh      CODE               _segmentNumbers (c:\users\tech\desktop\gasdetector\output\DISPLAY.OBJ)
     00h     025bh     02aah    0050h      CODE               _segmentCharacters (c:\users\tech\desktop\gasdetector\output\DISPLAY.OBJ)
     00h     02abh     033ch    0092h      CODE               _Display (c:\users\tech\desktop\gasdetector\output\DISPLAY.OBJ)
     00h     033dh     0372h    0036h      CODE               _DisplayLoading (c:\users\tech\desktop\gasdetector\output\DISPLAY.OBJ)
     00h     0373h     039bh    0029h      CODE               _DisplayError (c:\users\tech\desktop\gasdetector\output\DISPLAY.OBJ)
     00h     039ch     03c2h    0027h      CODE               _handleTestMode (c:\users\tech\desktop\gasdetector\output\MAIN.OBJ)
     00h     03c3h     03f2h    0030h      CODE               _handleCheckBatteryMode (c:\users\tech\desktop\gasdetector\output\MAIN.OBJ)
     00h     03f3h     0432h    0040h      CODE               _startLoading (c:\users\tech\desktop\gasdetector\output\MAIN.OBJ)
     00h     0433h     0442h    0010h      CODE               _handleDetectMode (c:\users\tech\desktop\gasdetector\output\MAIN.OBJ)
     00h     0443h     044ch    000ah      CODE               _handleSensorErrorMode (c:\users\tech\desktop\gasdetector\output\MAIN.OBJ)
     00h     044dh     046fh    0023h      CODE               _batteryPercentage (c:\users\tech\desktop\gasdetector\output\MAIN.OBJ)
     00h     0470h     047fh    0010h      CODE               _normalPowerHandler (c:\users\tech\desktop\gasdetector\output\MAIN.OBJ)
     00h     0480h     04b2h    0033h      CODE               _lowBatteryHandler (c:\users\tech\desktop\gasdetector\output\MAIN.OBJ)
     00h     04b3h     04deh    002ch      CODE               _buzzerDull (c:\users\tech\desktop\gasdetector\output\MAIN.OBJ)
     00h     04dfh     0513h    0035h      CODE               _batteryErrorHandler (c:\users\tech\desktop\gasdetector\output\MAIN.OBJ)
     00h     0514h     0548h    0035h      CODE               _supplyErrorHandler (c:\users\tech\desktop\gasdetector\output\MAIN.OBJ)
     00h     0549h     0552h    000ah      CODE               _initializeSystem (c:\users\tech\desktop\gasdetector\output\MAIN.OBJ)
     00h     0553h     056dh    001bh      CODE               _initializePorts (c:\users\tech\desktop\gasdetector\output\MAIN.OBJ)
     00h     056eh     0771h    0204h      CODE               _main (c:\users\tech\desktop\gasdetector\output\MAIN.OBJ)
     00h     0772h     077dh    000ch      CODE               @ROMDATA_BASE (c:\users\tech\desktop\gasdetector\output\STARTUP1_L.OBJ)
     00h     077eh     0787h    000ah      CODE               __DELAYX (C:\Program Files\Holtek MCU Development Tools\HT-IDE3000V8.x\LIB\LIBHOLTEKGCC.LIB)
     00h     0788h     07beh    0037h      CODE               _builtin_holtek_divmodhi4_isr00 (C:\Program Files\Holtek MCU Development Tools\HT-IDE3000V8.x\LIB\LIBHOLTEKGCC.LIB)
     00h     07bfh     07cdh    000fh      CODE               _abs (C:\Program Files\Holtek MCU Development Tools\HT-IDE3000V8.x\LIB\v3_tabrd_mrsc.lib)
     00h     07ceh     07d2h    0005h      CODE               _CROM2PROM (CROM2PROM)
     00h     0080h     0090h    0011h      DATA     4.2941    @HCCINIT (c:\users\tech\desktop\gasdetector\output\MAIN.OBJ)
     00h     0091h     009fh    000fh      DATA     7.3333    @HCCINIT0 (c:\users\tech\desktop\gasdetector\output\MAIN.OBJ)
     00h     00a0h     00a0h    0001h      DATA     0         @BITDATASEC (c:\users\tech\desktop\gasdetector\output\STARTUP1_L.OBJ)
     00h     00a1h     00a1h    0001h      DATA     52        @data_ra (C:\Program Files\Holtek MCU Development Tools\HT-IDE3000V8.x\LIB\LIBHOLTEKGCC.LIB)
     00h     00a2h     00a2h    0001h      DATA     60        @data_rb (C:\Program Files\Holtek MCU Development Tools\HT-IDE3000V8.x\LIB\LIBHOLTEKGCC.LIB)
     00h     00a3h     00a3h    0001h      DATA     55        @data_rc (C:\Program Files\Holtek MCU Development Tools\HT-IDE3000V8.x\LIB\LIBHOLTEKGCC.LIB)
     00h     00a4h     00a4h    0001h      DATA     27        @data_rd (C:\Program Files\Holtek MCU Development Tools\HT-IDE3000V8.x\LIB\LIBHOLTEKGCC.LIB)
     00h     00a5h     00a5h    0001h      DATA     25        @data_re (C:\Program Files\Holtek MCU Development Tools\HT-IDE3000V8.x\LIB\LIBHOLTEKGCC.LIB)
     00h     00a6h     00a6h    0001h      DATA     13        @data_rf (C:\Program Files\Holtek MCU Development Tools\HT-IDE3000V8.x\LIB\LIBHOLTEKGCC.LIB)
     00h     00a7h     00a7h    0001h      DATA     13        @data_rg (C:\Program Files\Holtek MCU Development Tools\HT-IDE3000V8.x\LIB\LIBHOLTEKGCC.LIB)
     00h     00a8h     00adh    0006h      DATA     35.5      ftdata1 (C:\Program Files\Holtek MCU Development Tools\HT-IDE3000V8.x\LIB\LIBHOLTEKGCC.LIB)
     00h     00aeh     00b0h    0003h      DATA     17        dtdata (C:\Program Files\Holtek MCU Development Tools\HT-IDE3000V8.x\LIB\LIBHOLTEKGCC.LIB)
     00h     00b1h     00b7h    0007h      DATA     13.286    ftdata2 (C:\Program Files\Holtek MCU Development Tools\HT-IDE3000V8.x\LIB\LIBHOLTEKGCC.LIB)

     Local Sections

     Bank    Start     End      Length     Class    AvgIns    Name
     00h     00c8h     00c8h    0000h      LOCAL    0         @dummy (c:\users\tech\desktop\gasdetector\output\MAIN.OBJ)
     00h     00c8h     00c8h    0000h      LOCAL    0         _main (c:\users\tech\desktop\gasdetector\output\MAIN.OBJ)
     00h     00b8h     00b8h    0000h      LOCAL    0         _initializeSystem (c:\users\tech\desktop\gasdetector\output\MAIN.OBJ)
     00h     00b8h     00b8h    0000h      LOCAL    0         _initializePorts (c:\users\tech\desktop\gasdetector\output\MAIN.OBJ)
     00h     00b8h     00b8h    0000h      LOCAL    0         _S_ADC_Init (c:\users\tech\desktop\gasdetector\output\ADC.OBJ)
     00h     00bah     00bah    0001h      LOCAL    4         _startLoading (c:\users\tech\desktop\gasdetector\output\MAIN.OBJ)
     00h     00b9h     00b9h    0001h      LOCAL    1         _DisplayLoading (c:\users\tech\desktop\gasdetector\output\DISPLAY.OBJ)
     00h     00b8h     00b8h    0001h      LOCAL    1         _segmentCharacters (c:\users\tech\desktop\gasdetector\output\DISPLAY.OBJ)
     00h     00b8h     00b8h    0001h      LOCAL    1         _S_READ_ADC (c:\users\tech\desktop\gasdetector\output\ADC.OBJ)
     00h     00b8h     00b8h    0000h      LOCAL    0         __DELAYX (C:\Program Files\Holtek MCU Development Tools\HT-IDE3000V8.x\LIB\LIBHOLTEKGCC.LIB)
     00h     00b8h     00b8h    0000h      LOCAL    0         _builtin_holtek_uitod (C:\Program Files\Holtek MCU Development Tools\HT-IDE3000V8.x\LIB\LIBHOLTEKGCC.LIB)
     00h     00b8h     00b8h    0000h      LOCAL    0         _builtin_holtek_dtmul (C:\Program Files\Holtek MCU Development Tools\HT-IDE3000V8.x\LIB\LIBHOLTEKGCC.LIB)
     00h     00b8h     00b8h    0000h      LOCAL    0         _builtin_holtek_dtdecode (C:\Program Files\Holtek MCU Development Tools\HT-IDE3000V8.x\LIB\LIBHOLTEKGCC.LIB)
     00h     00b8h     00b8h    0000h      LOCAL    0         _builtin_holtek_ftsubadd (C:\Program Files\Holtek MCU Development Tools\HT-IDE3000V8.x\LIB\LIBHOLTEKGCC.LIB)
     00h     00b8h     00b8h    0000h      LOCAL    0         _builtin_holtek_ftdecode (C:\Program Files\Holtek MCU Development Tools\HT-IDE3000V8.x\LIB\LIBHOLTEKGCC.LIB)
     00h     00b8h     00b8h    0000h      LOCAL    0         _builtin_holtek_dtsubadd (C:\Program Files\Holtek MCU Development Tools\HT-IDE3000V8.x\LIB\LIBHOLTEKGCC.LIB)
     00h     00b8h     00b8h    0000h      LOCAL    0         _builtin_holtek_dtol (C:\Program Files\Holtek MCU Development Tools\HT-IDE3000V8.x\LIB\LIBHOLTEKGCC.LIB)
     00h     00bah     00bah    0001h      LOCAL    5         _batteryPercentage (c:\users\tech\desktop\gasdetector\output\MAIN.OBJ)
     00h     00b8h     00b9h    0002h      LOCAL    3         _abs (C:\Program Files\Holtek MCU Development Tools\HT-IDE3000V8.x\LIB\v3_tabrd_mrsc.lib)
     00h     00bbh     00bbh    0000h      LOCAL    0         _handleSensorErrorMode (c:\users\tech\desktop\gasdetector\output\MAIN.OBJ)
     00h     00b9h     00bah    0002h      LOCAL    5         _DisplayError (c:\users\tech\desktop\gasdetector\output\DISPLAY.OBJ)
     00h     00c6h     00c6h    0000h      LOCAL    0         _lowBatteryHandler (c:\users\tech\desktop\gasdetector\output\MAIN.OBJ)
     00h     00c0h     00c5h    0006h      LOCAL    8.6667    _Display (c:\users\tech\desktop\gasdetector\output\DISPLAY.OBJ)
     00h     00b8h     00b8h    0000h      LOCAL    0         _Crom2Prom (CROM2PROM)
     00h     00b8h     00bfh    0008h      LOCAL    10.375    _builtin_holtek_divmodhi4_isr00 (C:\Program Files\Holtek MCU Development Tools\HT-IDE3000V8.x\LIB\LIBHOLTEKGCC.LIB)
     00h     00b8h     00b8h    0001h      LOCAL    1         _segmentNumbers (c:\users\tech\desktop\gasdetector\output\DISPLAY.OBJ)
     00h     00c6h     00c6h    0000h      LOCAL    0         _normalPowerHandler (c:\users\tech\desktop\gasdetector\output\MAIN.OBJ)
     00h     00c6h     00c6h    0000h      LOCAL    0         _batteryErrorHandler (c:\users\tech\desktop\gasdetector\output\MAIN.OBJ)
     00h     00b8h     00b9h    0002h      LOCAL    3         _buzzerDull (c:\users\tech\desktop\gasdetector\output\MAIN.OBJ)
     00h     00c6h     00c6h    0000h      LOCAL    0         _supplyErrorHandler (c:\users\tech\desktop\gasdetector\output\MAIN.OBJ)
     00h     00c6h     00c6h    0000h      LOCAL    0         _handleTestMode (c:\users\tech\desktop\gasdetector\output\MAIN.OBJ)
     00h     00c6h     00c7h    0002h      LOCAL    2         _handleCheckBatteryMode (c:\users\tech\desktop\gasdetector\output\MAIN.OBJ)
     00h     00c6h     00c6h    0000h      LOCAL    0         _handleDetectMode (c:\users\tech\desktop\gasdetector\output\MAIN.OBJ)

     Indepentent Local Sections

     Bank    Start     End      Length     Class    AvgIns    Name
     00h     00b8h     00b8h    0000h      ILOCAL   0         _builtin_holtek_dtnorm (C:\Program Files\Holtek MCU Development Tools\HT-IDE3000V8.x\LIB\LIBHOLTEKGCC.LIB)
     00h     00b8h     00b8h    0000h      ILOCAL   0         _builtin_holtek_ftnorm (C:\Program Files\Holtek MCU Development Tools\HT-IDE3000V8.x\LIB\LIBHOLTEKGCC.LIB)
     00h     00b8h     00b8h    0000h      ILOCAL   0         _builtin_holtek_dtinf (C:\Program Files\Holtek MCU Development Tools\HT-IDE3000V8.x\LIB\LIBHOLTEKGCC.LIB)
     00h     00b8h     00b8h    0000h      ILOCAL   0         _builtin_holtek_ftinf (C:\Program Files\Holtek MCU Development Tools\HT-IDE3000V8.x\LIB\LIBHOLTEKGCC.LIB)

     Public Symbols Information
     Address            Public by Name
     07cfh              _Crom2Prom
     07ceh              _Crom2PromNext
     02abh              _Display
     0373h              _DisplayError
     00bah              _DisplayError_2
     033dh              _DisplayLoading
     00c0h              _Display_2
     0093h              _Mode
     01a2h              _S_ADC_Init
     01a8h              _S_READ_ADC
     0091h              _SupplyStatus
     0784h              __DELAYX0
     0783h              __DELAYX1
     0782h              __DELAYX2
     0781h              __DELAYX3
     0780h              __DELAYX4
     077fh              __DELAYX5
     077eh              __DELAYX6
     07bfh              _abs
     04dfh              _batteryErrorHandler
     044dh              _batteryPercentage
     0788h              _builtin_holtek_divmodhi4_isr00
     009dh              _builtin_holtek_dtadd
     0143h              _builtin_holtek_dtdecode1
     0138h              _builtin_holtek_dtdecode2
     0195h              _builtin_holtek_dtinf
     0027h              _builtin_holtek_dtmul
     0104h              _builtin_holtek_dtnorm
     00d9h              _builtin_holtek_dtol
     009bh              _builtin_holtek_dtsub
     014bh              _builtin_holtek_dtzero
     014eh              _builtin_holtek_dtzero1
     00abh              _builtin_holtek_exp1
     00b4h              _builtin_holtek_exp2
     00adh              _builtin_holtek_floatflag
     0069h              _builtin_holtek_ftadd
     015ah              _builtin_holtek_ftdecode1
     0150h              _builtin_holtek_ftdecode2
     019ch              _builtin_holtek_ftinf
     0166h              _builtin_holtek_ftnorm
     0067h              _builtin_holtek_ftsub
     0162h              _builtin_holtek_ftzero
     0164h              _builtin_holtek_ftzero1
     00a8h              _builtin_holtek_mant1
     00aeh              _builtin_holtek_mant12p
     00b1h              _builtin_holtek_mant2
     00b5h              _builtin_holtek_prod
     00ach              _builtin_holtek_signs
     079ah              _builtin_holtek_udivmodhi4_isr00
     00bbh              _builtin_holtek_udivmodhi4_isr00_2
     0022h              _builtin_holtek_uitod
     04b3h              _buzzerDull
     008fh              _counter
     03c3h              _handleCheckBatteryMode
     00c6h              _handleCheckBatteryMode_2
     0433h              _handleDetectMode
     0443h              _handleSensorErrorMode
     039ch              _handleTestMode
     0553h              _initializePorts
     0549h              _initializeSystem
     0480h              _lowBatteryHandler
     056eh              _main
     0470h              _normalPowerHandler
     0095h              _parameter
     00a0h[0]           _pushButtonState
     025bh              _segmentCharacters
     01fdh              _segmentNumbers
     03f3h              _startLoading
     0514h              _supplyErrorHandler
     009eh              _vdd
     00a1h              ra
     00a2h              rb
     00a3h              rc
     00a4h              rd
     00a5h              re
     00a6h              rf
     00a7h              rg
     0771h              startup_value_1

     Address            Public by Value
     0022h              _builtin_holtek_uitod
     0027h              _builtin_holtek_dtmul
     0067h              _builtin_holtek_ftsub
     0069h              _builtin_holtek_ftadd
     008fh              _counter
     0091h              _SupplyStatus
     0093h              _Mode
     0095h              _parameter
     009bh              _builtin_holtek_dtsub
     009dh              _builtin_holtek_dtadd
     009eh              _vdd
     00a1h              ra
     00a2h              rb
     00a3h              rc
     00a4h              rd
     00a5h              re
     00a6h              rf
     00a7h              rg
     00a8h              _builtin_holtek_mant1
     00abh              _builtin_holtek_exp1
     00ach              _builtin_holtek_signs
     00adh              _builtin_holtek_floatflag
     00aeh              _builtin_holtek_mant12p
     00b1h              _builtin_holtek_mant2
     00b4h              _builtin_holtek_exp2
     00b5h              _builtin_holtek_prod
     00bah              _DisplayError_2
     00bbh              _builtin_holtek_udivmodhi4_isr00_2
     00c0h              _Display_2
     00c6h              _handleCheckBatteryMode_2
     00d9h              _builtin_holtek_dtol
     0104h              _builtin_holtek_dtnorm
     0138h              _builtin_holtek_dtdecode2
     0143h              _builtin_holtek_dtdecode1
     014bh              _builtin_holtek_dtzero
     014eh              _builtin_holtek_dtzero1
     0150h              _builtin_holtek_ftdecode2
     015ah              _builtin_holtek_ftdecode1
     0162h              _builtin_holtek_ftzero
     0164h              _builtin_holtek_ftzero1
     0166h              _builtin_holtek_ftnorm
     0195h              _builtin_holtek_dtinf
     019ch              _builtin_holtek_ftinf
     01a2h              _S_ADC_Init
     01a8h              _S_READ_ADC
     01fdh              _segmentNumbers
     025bh              _segmentCharacters
     02abh              _Display
     033dh              _DisplayLoading
     0373h              _DisplayError
     039ch              _handleTestMode
     03c3h              _handleCheckBatteryMode
     03f3h              _startLoading
     0433h              _handleDetectMode
     0443h              _handleSensorErrorMode
     044dh              _batteryPercentage
     0470h              _normalPowerHandler
     0480h              _lowBatteryHandler
     04b3h              _buzzerDull
     04dfh              _batteryErrorHandler
     00a0h[0]           _pushButtonState
     0514h              _supplyErrorHandler
     0549h              _initializeSystem
     0553h              _initializePorts
     056eh              _main
     0771h              startup_value_1
     077eh              __DELAYX6
     077fh              __DELAYX5
     0780h              __DELAYX4
     0781h              __DELAYX3
     0782h              __DELAYX2
     0783h              __DELAYX1
     0784h              __DELAYX0
     0788h              _builtin_holtek_divmodhi4_isr00
     079ah              _builtin_holtek_udivmodhi4_isr00
     07bfh              _abs
     07ceh              _Crom2PromNext
     07cfh              _Crom2Prom


ROM Usage Statistics
     Size      Used     Percentage
     0800h     07d3h    97%

RAM Usage Statistics
    Bank      Size      Used     Percentage
     00h       0080h     0048h    56%
     Total     0080h     0048h    56%

Use Stack Count
_main: 3

Call Tree
    @dummy
        _main (0)
            _initializeSystem (1)
            _initializePorts (1)
            _S_ADC_Init (1)
            _startLoading (1)
                _DisplayLoading (2)
                    _segmentCharacters (3)
            _S_READ_ADC (1)
                __DELAYX (2)
            _builtin_holtek_uitod (1)
            _builtin_holtek_dtmul (1)
                _builtin_holtek_dtdecode (2)
            _builtin_holtek_ftsubadd (1)
                _builtin_holtek_ftdecode (2)
            _builtin_holtek_dtsubadd (1)
                _builtin_holtek_dtdecode (2)
            _builtin_holtek_dtol (1)
                _builtin_holtek_dtdecode (2)
            _batteryPercentage (1)
                _abs (2)
            _handleSensorErrorMode (1)
                _DisplayError (2)
                    _segmentCharacters (3)
            _abs (1)
            _lowBatteryHandler (1)
                _Display (2)
                    _Crom2Prom (3)
                    _builtin_holtek_divmodhi4_isr00 (3)
                    _segmentNumbers (3)
                    _segmentCharacters (3)
                _DisplayError (2)
                    _segmentCharacters (3)
            _normalPowerHandler (1)
                _Display (2)
                    _Crom2Prom (3)
                    _builtin_holtek_divmodhi4_isr00 (3)
                    _segmentNumbers (3)
                    _segmentCharacters (3)
            _batteryErrorHandler (1)
                _Display (2)
                    _Crom2Prom (3)
                    _builtin_holtek_divmodhi4_isr00 (3)
                    _segmentNumbers (3)
                    _segmentCharacters (3)
                _DisplayError (2)
                    _segmentCharacters (3)
                _buzzerDull (2)
                    _Crom2Prom (3)
                    _Crom2Prom (3)
            _supplyErrorHandler (1)
                _Display (2)
                    _Crom2Prom (3)
                    _builtin_holtek_divmodhi4_isr00 (3)
                    _segmentNumbers (3)
                    _segmentCharacters (3)
                _DisplayError (2)
                    _segmentCharacters (3)
                _buzzerDull (2)
                    _Crom2Prom (3)
                    _Crom2Prom (3)
            _handleTestMode (1)
                _Display (2)
                    _Crom2Prom (3)
                    _builtin_holtek_divmodhi4_isr00 (3)
                    _segmentNumbers (3)
                    _segmentCharacters (3)
            _handleCheckBatteryMode (1)
                _Crom2Prom (2)
                _DisplayError (2)
                    _segmentCharacters (3)
                _Display (2)
                    _Crom2Prom (3)
                    _builtin_holtek_divmodhi4_isr00 (3)
                    _segmentNumbers (3)
                    _segmentCharacters (3)
            _handleDetectMode (1)
                _Display (2)
                    _Crom2Prom (3)
                    _builtin_holtek_divmodhi4_isr00 (3)
                    _segmentNumbers (3)
                    _segmentCharacters (3)

HLINK: Program entry point at section '@code' (address 0) of file 'c:\users\tech\desktop\gasdetector\output\MAIN.OBJ'

Total 0 error(s), Total 0 Warning(s)
